Browserslist: caniuse-lite is outdated. Please run:
  npx update-browserslist-db@latest
  Why you should do it regularly: https://github.com/browserslist/update-db#readme
 ⚠ Cross origin request detected from 127.0.0.1 to /_next/* resource. In a future major version of Next.js, you will need to explicitly configure "allowedDevOrigins" in next.config to allow this.
Read more: https://nextjs.org/docs/app/api-reference/config/next-config-js/allowedDevOrigins
 ⨯ ./src/app/ui/Header.tsx
Error: Failed to read source code from C:\Users\ADMIN\OneDrive\Desktop\ramanstore\apps\storefront\src\app\ui\Header.tsx

Caused by:
    The system cannot find the file specified. (os error 2)

Import trace for requested module:
./src/app/ui/Header.tsx
./src/app/layout.tsx
 ⨯ ./src/app/ui/Footer.tsx
Error: Failed to read source code from C:\Users\ADMIN\OneDrive\Desktop\ramanstore\apps\storefront\src\app\ui\Footer.tsx

Caused by:
    The system cannot find the file specified. (os error 2)

Import trace for requested module:
./src/app/ui/Footer.tsx
./src/app/layout.tsx
 ⚠ Your page app/page.tsx did not have a root layout. We created app\layout.tsx for you.
 ⚠ Fast Refresh had to perform a full reload due to a runtime error.
 ⨯ ./src/app/ui/Header.tsx
Error: Failed to read source code from C:\Users\ADMIN\OneDrive\Desktop\ramanstore\apps\storefront\src\app\ui\Header.tsx

Caused by:
    The system cannot find the file specified. (os error 2)

Import trace for requested module:
./src/app/ui/Header.tsx
 ⨯ ./src/app/ui/Header.tsx
Error: Failed to read source code from C:\Users\ADMIN\OneDrive\Desktop\ramanstore\apps\storefront\src\app\ui\Header.tsx

Caused by:
    The system cannot find the file specified. (os error 2)

Import trace for requested module:
./src/app/ui/Header.tsx
./src/app/layout.tsx
 ⨯ ./src/app/ui/ProductGrid.tsx
Error: Failed to read source code from C:\Users\ADMIN\OneDrive\Desktop\ramanstore\apps\storefront\src\app\ui\ProductGrid.tsx

Caused by:
    The system cannot find the file specified. (os error 2)

Import trace for requested module:
./src/app/ui/ProductGrid.tsx
./src/app/ui/FeaturedProducts.tsx
./src/app/page.tsx
 ⨯ ./src/app/ui/Header.tsx
Error: Failed to read source code from C:\Users\ADMIN\OneDrive\Desktop\ramanstore\apps\storefront\src\app\ui\Header.tsx

Caused by:
    The system cannot find the file specified. (os error 2)

Import trace for requested module:
./src/app/ui/Header.tsx
